// Jest Snapshot v1, https://goo.gl/fbAQLP

exports[`Switch should render correctly 1`] = `
<div
  className="jsx-__scopedHash switch"
>
  <JSXStyle
    css="__scoped"
    styleId="__scopedHash"
  />
  <label
    className="jsx-__scopedHash switch__wrapper"
  >
    <input
      className="jsx-__scopedHash switch__input"
      name="name"
      onChange={[Function]}
      type="checkbox"
      value="value"
    />
    <span
      className="jsx-__scopedHash switch__label"
      data-label-left="Buy"
      data-label-right="Sell"
    >
      ETH-T-M
    </span>
    <span
      className="jsx-__scopedHash switch__label"
      data-label-left="Buy"
      data-label-right="Sell"
    >
      MLN-T-M
    </span>
    <div
      className="jsx-__scopedHash switch__icon"
    />
  </label>
</div>
`;
