// Jest Snapshot v1, https://goo.gl/fbAQLP

exports[`Notification should render correctly 1`] = `
<div
  className="notification notification--is-closable"
>
  <style
    jsx={true}
  >
    <type
      0="p"
      1="r"
      2="o"
      3="p"
      4="s"
      key="key"
    >
      rendered
    </type>
  </style>
  Lorem ipsum dolor sit amet, consetetur sadipscing elitr, sed diam nonumy
eirmod tempor invidunt ut labore et dolore magna aliquyam erat, sed diam
voluptua. At vero eos et accusam et justo duo dolores et ea rebum.
  <button
    className="notification__close"
  >
    Ã—
  </button>
</div>
`;
