// Jest Snapshot v1, https://goo.gl/fbAQLP

exports[`Order Info should render correctly 1`] = `
<div
  className="jsx-__scopedHash order-info"
>
  <JSXStyle
    css="__scoped"
    styleId="__scopedHash"
  />
  <div
    className="jsx-__scopedHash order-info__prices"
  >
    <div
      className="jsx-__scopedHash order-info__last-price"
    >
      <NumberFormat
        allowEmptyFormatting={false}
        allowNegative={true}
        decimalScale={4}
        decimalSeparator="."
        displayType="text"
        fixedDecimalScale={true}
        getInputRef={[Function]}
        isAllowed={[Function]}
        isNumericString={false}
        onBlur={[Function]}
        onChange={[Function]}
        onFocus={[Function]}
        onKeyDown={[Function]}
        onMouseUp={[Function]}
        onValueChange={[Function]}
        prefix=""
        suffix=""
        thousandSeparator={true}
        type="text"
        value={0.5}
      />
      <span
        className="jsx-__scopedHash order-info__price-desc"
      >
        Last Price
      </span>
    </div>
    <div
      className="jsx-__scopedHash order-info__bid"
    >
      <span
        className="jsx-__scopedHash"
      >
        N/A
      </span>
      <span
        className="jsx-__scopedHash order-info__price-desc"
      >
        Bid
      </span>
    </div>
    <div
      className="jsx-__scopedHash order-info__ask"
    >
      <span
        className="jsx-__scopedHash"
      >
        N/A
      </span>
      <span
        className="jsx-__scopedHash order-info__price-desc"
      >
        Ask
      </span>
    </div>
  </div>
  <div
    className="jsx-__scopedHash order-info__balances"
  >
    <div
      className="jsx-__scopedHash order-info__balance"
    >
      <span
        className="jsx-__scopedHash order-info__balance-desc"
      >
        ETH-T
        :
      </span>
       
      <NumberFormat
        allowEmptyFormatting={false}
        allowNegative={true}
        decimalScale={4}
        decimalSeparator="."
        displayType="text"
        fixedDecimalScale={true}
        getInputRef={[Function]}
        isAllowed={[Function]}
        isNumericString={false}
        onBlur={[Function]}
        onChange={[Function]}
        onFocus={[Function]}
        onKeyDown={[Function]}
        onMouseUp={[Function]}
        onValueChange={[Function]}
        prefix=""
        suffix=""
        thousandSeparator={true}
        type="text"
        value={30}
      />
    </div>
    <div
      className="jsx-__scopedHash order-info__balance"
    >
      <span
        className="jsx-__scopedHash order-info__balance-desc"
      >
        MLN-T
        :
      </span>
       
      <NumberFormat
        allowEmptyFormatting={false}
        allowNegative={true}
        decimalScale={4}
        decimalSeparator="."
        displayType="text"
        fixedDecimalScale={true}
        getInputRef={[Function]}
        isAllowed={[Function]}
        isNumericString={false}
        onBlur={[Function]}
        onChange={[Function]}
        onFocus={[Function]}
        onKeyDown={[Function]}
        onMouseUp={[Function]}
        onValueChange={[Function]}
        prefix=""
        suffix=""
        thousandSeparator={true}
        type="text"
        value={20}
      />
    </div>
  </div>
</div>
`;
