// Jest Snapshot v1, https://goo.gl/fbAQLP

exports[`RestoreWallet should render correctly 1`] = `
<Formik
  enableReinitialize={true}
  handleSubmit={[Function]}
  initialValues={
    Object {
      "mnemonic": "",
    }
  }
  isInitialValid={false}
  onSubmit={[Function]}
  render={[Function]}
  validateOnBlur={true}
  validateOnChange={true}
  validationSchema={[Function]}
/>
`;
