// Jest Snapshot v1, https://goo.gl/fbAQLP

exports[`Toggle should render correctly 1`] = `
<label
  className="jsx-__scopedHash toggle"
>
  <JSXStyle
    css="__scoped"
    styleId="__scopedHash"
  />
  <input
    className="jsx-__scopedHash toggle__input"
    hidden={true}
    name="name"
    onChange={[MockFunction]}
    type="radio"
    value="value"
  />
  <span
    className="jsx-__scopedHash toggle__text"
  >
    text
  </span>
</label>
`;
