// Jest Snapshot v1, https://goo.gl/fbAQLP

exports[`Tabs should render correctly 1`] = `
<div
  className="tabs"
  role="tablist"
>
  <style
    jsx={true}
  >
    <type
      0="p"
      1="r"
      2="o"
      3="p"
      4="s"
      key="key"
    >
      rendered
    </type>
  </style>
  <div
    className="tabs__nav"
  >
    <div
      aria-label="Tab 0"
      aria-selected={true}
      className="tabs__tab tabs__tab--active"
      key="0"
      onClick={[Function]}
      onKeyDown={[Function]}
      onKeyPress={[Function]}
      tabIndex={1}
    >
      Tab 0
    </div>
    <div
      aria-label="Tab 1"
      aria-selected={false}
      className="tabs__tab"
      key="1"
      onClick={[Function]}
      onKeyDown={[Function]}
      onKeyPress={[Function]}
      tabIndex={1}
    >
      Tab 1
    </div>
  </div>
  <div
    className="tabs__content tabs__content--active"
    key="0"
  >
    <TabContent
      title="Tab 0"
    >
      Tab 0
    </TabContent>
  </div>
  <div
    className="tabs__content"
    key="1"
  >
    <TabContent
      title="Tab 1"
    >
      Tab 1
    </TabContent>
  </div>
</div>
`;
