// Jest Snapshot v1, https://goo.gl/fbAQLP

exports[`Spinner should render correctly 1`] = `
<div
  className="jsx-__scopedHash spinner spinner--default"
>
  <JSXStyle
    css="__scoped"
    styleId="__scopedHash"
  />
  <div
    className="jsx-__scopedHash spinner__loader"
  />
</div>
`;
