// Jest Snapshot v1, https://goo.gl/fbAQLP

exports[`ParticipationForm should render correctly 1`] = `undefined`;
