// Jest Snapshot v1, https://goo.gl/fbAQLP

exports[`PasswordForm should render correctly 1`] = `
<WithFormik(Function)
  initialValues={
    Object {
      "password": "",
    }
  }
  onCancel={[MockFunction]}
  onSubmit={[MockFunction]}
>
  <Formik
    enableReinitialize={true}
    handleSubmit={[Function]}
    initialValues={
      Object {
        "password": "",
      }
    }
    isInitialValid={false}
    onCancel={[MockFunction]}
    onSubmit={[Function]}
    render={[Function]}
    validateOnBlur={true}
    validateOnChange={true}
    validationSchema={[Function]}
  >
    <Component
      dirty={false}
      errors={Object {}}
      handleBlur={[Function]}
      handleChange={[Function]}
      handleReset={[Function]}
      handleSubmit={[Function]}
      initialValues={
        Object {
          "password": "",
        }
      }
      isSubmitting={false}
      isValid={false}
      isValidating={false}
      onCancel={[MockFunction]}
      onSubmit={[MockFunction]}
      registerField={[Function]}
      resetForm={[Function]}
      setError={[Function]}
      setErrors={[Function]}
      setFieldError={[Function]}
      setFieldTouched={[Function]}
      setFieldValue={[Function]}
      setFormikState={[Function]}
      setStatus={[Function]}
      setSubmitting={[Function]}
      setTouched={[Function]}
      setValues={[Function]}
      submitCount={0}
      submitForm={[Function]}
      touched={Object {}}
      unregisterField={[Function]}
      validateField={[Function]}
      validateForm={[Function]}
      validateOnBlur={true}
      validateOnChange={true}
      values={
        Object {
          "password": "",
        }
      }
    >
      <div
        className="jsx-__scopedHash password-form"
      >
        <JSXStyle
          css="__scoped"
          styleId="__scopedHash"
        />
        <Form
          onSubmit={[Function]}
        >
          <form
            className="form"
            onSubmit={[Function]}
          >
            <div
              className="jsx-__scopedHash password-form__input"
            >
              <Input
                name="password"
                onBlur={[Function]}
                onChange={[Function]}
                placeholder="Password"
                required={true}
                type="password"
                value=""
              >
                <div
                  className="jsx-__scopedHash input"
                >
                  <JSXStyle
                    css="__scoped"
                    styleId="__scopedHash"
                  />
                  <input
                    className="jsx-__scopedHash input__field"
                    name="password"
                    onBlur={[Function]}
                    onChange={[Function]}
                    placeholder="Password"
                    type="password"
                    value=""
                  />
                  <div
                    className="jsx-__scopedHash input__error"
                  />
                </div>
              </Input>
            </div>
            <div
              className="jsx-__scopedHash password-form__buttons"
            >
              <div
                className="jsx-__scopedHash password-form__button"
              >
                <Button
                  onClick={[Function]}
                  style="secondary"
                  type="button"
                >
                  <button
                    className="jsx-__scopedHash button button--medium button--secondary"
                    onClick={[Function]}
                    type="button"
                  >
                    <JSXStyle
                      css="__scoped"
                      styleId="__scopedHash"
                    />
                    Cancel
                  </button>
                </Button>
              </div>
              <div
                className="jsx-__scopedHash password-form__button"
              >
                <Button
                  type="submit"
                >
                  <button
                    className="jsx-__scopedHash button button--medium button--primary"
                    onClick={[Function]}
                    type="submit"
                  >
                    <JSXStyle
                      css="__scoped"
                      styleId="__scopedHash"
                    />
                    Confirm
                  </button>
                </Button>
              </div>
            </div>
          </form>
        </Form>
      </div>
    </Component>
  </Formik>
</WithFormik(Function)>
`;
