// Jest Snapshot v1, https://goo.gl/fbAQLP

exports[`Card should render correctly 1`] = `
<div
  className="jsx-__scopedHash card"
  onClick={[Function]}
>
  <JSXStyle
    css="__scoped"
    styleId="__scopedHash"
  />
  <div
    className="jsx-__scopedHash card__rank"
  >
    #
  </div>
  <div
    className="jsx-__scopedHash card__info-cell"
  >
    <div
      className="jsx-__scopedHash card__info-wrap"
    >
      <div
        className="jsx-__scopedHash card__name"
      />
      <div
        className="jsx-__scopedHash card__info"
      >
        <div
          className="jsx-__scopedHash card__share-price"
        >
          <span
            className="jsx-__scopedHash card__label"
          >
            Share price:
          </span>
           
        </div>
        <div
          className="jsx-__scopedHash card__inception-date"
        >
          <span
            className="jsx-__scopedHash card__label"
          >
            Inception Date:
          </span>
           
        </div>
      </div>
    </div>
  </div>
</div>
`;
