// Jest Snapshot v1, https://goo.gl/fbAQLP

exports[`RadioButton should render correctly 1`] = `
<label
  className="radio-button"
>
  <style
    jsx={true}
  >
    <type
      0="p"
      1="r"
      2="o"
      3="p"
      4="s"
      key="key"
    >
      rendered
    </type>
  </style>
  <input
    className="radio-button__input"
    name="name"
    type="radio"
    value="value"
  />
  <span
    className="radio-button__checkmark"
  />
  <span
    className="radio-button__text"
  >
    Text
  </span>
</label>
`;
