// Jest Snapshot v1, https://goo.gl/fbAQLP

exports[`Holdings should render correctly 1`] = `
<div
  className="jsx-__scopedHash holdings"
  id="holdings"
>
  <JSXStyle
    css="__scoped"
    styleId="__scopedHash"
  />
  <h3
    className="jsx-__scopedHash"
  >
    Fund Holdings
  </h3>
  <div
    className="jsx-__scopedHash holdings__table-wrap"
  >
    <Table>
      <TableHead>
        <Row
          isHead={true}
        >
          <CellHead>
            Asset
          </CellHead>
          <CellHead>
            Quantity
          </CellHead>
          <CellHead
            textAlign="right"
          >
            % of portfolio
          </CellHead>
          <CellHead
            textAlign="right"
          >
            Price (MLN)
          </CellHead>
          <CellHead
            textAlign="right"
          />
        </Row>
      </TableHead>
      <TableBody>
        <Row
          key="ANT-T"
          size="small"
        >
          <CellBody>
            ANT-T
          </CellBody>
          <CellBody>
            0.0000
          </CellBody>
          <CellBody
            textAlign="right"
          >
            0.0000
            %
          </CellBody>
          <CellBody
            textAlign="right"
          >
            0.0035
          </CellBody>
          <CellBody
            cellClass="holdings__action-cell"
            textAlign="right"
          >
            <Button
              buttonValue="ANT-T"
              onClick={[Function]}
              size="small"
              style="secondary"
            >
              Buy/Sell
            </Button>
          </CellBody>
        </Row>
        <Row
          key="BAT-T"
          size="small"
        >
          <CellBody>
            BAT-T
          </CellBody>
          <CellBody>
            0.0000
          </CellBody>
          <CellBody
            textAlign="right"
          >
            0.0000
            %
          </CellBody>
          <CellBody
            textAlign="right"
          >
            0.0007
          </CellBody>
          <CellBody
            cellClass="holdings__action-cell"
            textAlign="right"
          >
            <Button
              buttonValue="BAT-T"
              onClick={[Function]}
              size="small"
              style="secondary"
            >
              Buy/Sell
            </Button>
          </CellBody>
        </Row>
        <Row
          key="DGD-T"
          size="small"
        >
          <CellBody>
            DGD-T
          </CellBody>
          <CellBody>
            0.0000
          </CellBody>
          <CellBody
            textAlign="right"
          >
            0.0000
            %
          </CellBody>
          <CellBody
            textAlign="right"
          >
            0.0000
          </CellBody>
          <CellBody
            cellClass="holdings__action-cell"
            textAlign="right"
          >
            <Button
              buttonValue="DGD-T"
              onClick={[Function]}
              size="small"
              style="secondary"
            >
              Buy/Sell
            </Button>
          </CellBody>
        </Row>
        <Row
          key="DGX-T"
          size="small"
        >
          <CellBody>
            DGX-T
          </CellBody>
          <CellBody>
            0.0000
          </CellBody>
          <CellBody
            textAlign="right"
          >
            0.0000
            %
          </CellBody>
          <CellBody
            textAlign="right"
          >
            0.0000
          </CellBody>
          <CellBody
            cellClass="holdings__action-cell"
            textAlign="right"
          >
            <Button
              buttonValue="DGX-T"
              onClick={[Function]}
              size="small"
              style="secondary"
            >
              Buy/Sell
            </Button>
          </CellBody>
        </Row>
        <Row
          key="GNO-T"
          size="small"
        >
          <CellBody>
            GNO-T
          </CellBody>
          <CellBody>
            0.0000
          </CellBody>
          <CellBody
            textAlign="right"
          >
            0.0000
            %
          </CellBody>
          <CellBody
            textAlign="right"
          >
            0.1113
          </CellBody>
          <CellBody
            cellClass="holdings__action-cell"
            textAlign="right"
          >
            <Button
              buttonValue="GNO-T"
              onClick={[Function]}
              size="small"
              style="secondary"
            >
              Buy/Sell
            </Button>
          </CellBody>
        </Row>
        <Row
          key="REP-T"
          size="small"
        >
          <CellBody>
            REP-T
          </CellBody>
          <CellBody>
            0.0000
          </CellBody>
          <CellBody
            textAlign="right"
          >
            0.0000
            %
          </CellBody>
          <CellBody
            textAlign="right"
          >
            0.0648
          </CellBody>
          <CellBody
            cellClass="holdings__action-cell"
            textAlign="right"
          >
            <Button
              buttonValue="REP-T"
              onClick={[Function]}
              size="small"
              style="secondary"
            >
              Buy/Sell
            </Button>
          </CellBody>
        </Row>
        <Row
          key="ZRX-T"
          size="small"
        >
          <CellBody>
            ZRX-T
          </CellBody>
          <CellBody>
            0.0000
          </CellBody>
          <CellBody
            textAlign="right"
          >
            0.0000
            %
          </CellBody>
          <CellBody
            textAlign="right"
          >
            0.0024
          </CellBody>
          <CellBody
            cellClass="holdings__action-cell"
            textAlign="right"
          >
            <Button
              buttonValue="ZRX-T"
              onClick={[Function]}
              size="small"
              style="secondary"
            >
              Buy/Sell
            </Button>
          </CellBody>
        </Row>
        <Row
          key="REQ-T"
          size="small"
        >
          <CellBody>
            REQ-T
          </CellBody>
          <CellBody>
            0.0000
          </CellBody>
          <CellBody
            textAlign="right"
          >
            0.0000
            %
          </CellBody>
          <CellBody
            textAlign="right"
          >
            0.0001
          </CellBody>
          <CellBody
            cellClass="holdings__action-cell"
            textAlign="right"
          >
            <Button
              buttonValue="REQ-T"
              onClick={[Function]}
              size="small"
              style="secondary"
            >
              Buy/Sell
            </Button>
          </CellBody>
        </Row>
        <Row
          key="WETH-T"
          size="small"
        >
          <CellBody>
            WETH-T
          </CellBody>
          <CellBody>
            0.5166
          </CellBody>
          <CellBody
            textAlign="right"
          >
            50.5764
            %
          </CellBody>
          <CellBody
            textAlign="right"
          >
            1.0000
          </CellBody>
          <CellBody
            cellClass="holdings__action-cell"
            textAlign="right"
          >
            <span
              className="jsx-__scopedHash holdings__quote-asset"
            />
          </CellBody>
        </Row>
        <Row
          key="MLN-T"
          size="small"
        >
          <CellBody>
            MLN-T
          </CellBody>
          <CellBody>
            10.7338
          </CellBody>
          <CellBody
            textAlign="right"
          >
            49.4236
            %
          </CellBody>
          <CellBody
            textAlign="right"
          >
            0.0470
          </CellBody>
          <CellBody
            cellClass="holdings__action-cell"
            textAlign="right"
          >
            <Button
              buttonValue="MLN-T"
              onClick={[Function]}
              size="small"
              style="secondary"
            >
              Buy/Sell
            </Button>
          </CellBody>
        </Row>
        <Row
          key="MKR-T"
          size="small"
        >
          <CellBody>
            MKR-T
          </CellBody>
          <CellBody>
            0.0000
          </CellBody>
          <CellBody
            textAlign="right"
          >
            0.0000
            %
          </CellBody>
          <CellBody
            textAlign="right"
          >
            1.3430
          </CellBody>
          <CellBody
            cellClass="holdings__action-cell"
            textAlign="right"
          >
            <Button
              buttonValue="MKR-T"
              onClick={[Function]}
              size="small"
              style="secondary"
            >
              Buy/Sell
            </Button>
          </CellBody>
        </Row>
        <Row
          key="DAI-T"
          size="small"
        >
          <CellBody>
            DAI-T
          </CellBody>
          <CellBody>
            0.0000
          </CellBody>
          <CellBody
            textAlign="right"
          >
            0.0000
            %
          </CellBody>
          <CellBody
            textAlign="right"
          >
            0.0021
          </CellBody>
          <CellBody
            cellClass="holdings__action-cell"
            textAlign="right"
          >
            <Button
              buttonValue="DAI-T"
              onClick={[Function]}
              size="small"
              style="secondary"
            >
              Buy/Sell
            </Button>
          </CellBody>
        </Row>
        <Row
          key="KNC-T"
          size="small"
        >
          <CellBody>
            KNC-T
          </CellBody>
          <CellBody>
            0.0000
          </CellBody>
          <CellBody
            textAlign="right"
          >
            0.0000
            %
          </CellBody>
          <CellBody
            textAlign="right"
          >
            0.0276
          </CellBody>
          <CellBody
            cellClass="holdings__action-cell"
            textAlign="right"
          >
            <Button
              buttonValue="KNC-T"
              onClick={[Function]}
              size="small"
              style="secondary"
            >
              Buy/Sell
            </Button>
          </CellBody>
        </Row>
        <Row
          key="JNT-T"
          size="small"
        >
          <CellBody>
            JNT-T
          </CellBody>
          <CellBody>
            0.0000
          </CellBody>
          <CellBody
            textAlign="right"
          >
            0.0000
            %
          </CellBody>
          <CellBody
            textAlign="right"
          >
            0.0003
          </CellBody>
          <CellBody
            cellClass="holdings__action-cell"
            textAlign="right"
          >
            <Button
              buttonValue="JNT-T"
              onClick={[Function]}
              size="small"
              style="secondary"
            >
              Buy/Sell
            </Button>
          </CellBody>
        </Row>
        <Row
          key="OMG-T"
          size="small"
        >
          <CellBody>
            OMG-T
          </CellBody>
          <CellBody>
            0.0000
          </CellBody>
          <CellBody
            textAlign="right"
          >
            0.0000
            %
          </CellBody>
          <CellBody
            textAlign="right"
          >
            0.0150
          </CellBody>
          <CellBody
            cellClass="holdings__action-cell"
            textAlign="right"
          >
            <Button
              buttonValue="OMG-T"
              onClick={[Function]}
              size="small"
              style="secondary"
            >
              Buy/Sell
            </Button>
          </CellBody>
        </Row>
        <Row
          key="NMR-T"
          size="small"
        >
          <CellBody>
            NMR-T
          </CellBody>
          <CellBody>
            0.0000
          </CellBody>
          <CellBody
            textAlign="right"
          >
            0.0000
            %
          </CellBody>
          <CellBody
            textAlign="right"
          >
            0.0184
          </CellBody>
          <CellBody
            cellClass="holdings__action-cell"
            textAlign="right"
          >
            <Button
              buttonValue="NMR-T"
              onClick={[Function]}
              size="small"
              style="secondary"
            >
              Buy/Sell
            </Button>
          </CellBody>
        </Row>
      </TableBody>
    </Table>
  </div>
</div>
`;
