// Jest Snapshot v1, https://goo.gl/fbAQLP

exports[`Loading should render correctly 1`] = `
<span
  className="jsx-__scopedHash"
>
  <JSXStyle
    css="__scoped"
    styleId="__scopedHash"
  />
  <span
    className="jsx-__scopedHash loading__item"
  >
    .
  </span>
  <span
    className="jsx-__scopedHash loading__item"
  >
    .
  </span>
  <span
    className="jsx-__scopedHash loading__item"
  >
    .
  </span>
</span>
`;
